
> car-inventory-boilerplate@1.0.0 agent:test
> vitest run --config agent/vitest.config.ts


 RUN  v3.2.4 /home/wicttor/bimm-agentic

stderr | agent/tests/skills.test.ts > Skills discovery and injection (T15) > discoverSkills > skips malformed skills with a warning
[Skills] Malformed frontmatter in bad-skill/SKILL.md; skipping.

 ✓ agent/tests/skills.test.ts (11 tests) 22ms
 ✓ agent/tests/tools.test.ts (21 tests) 21ms
 ❯ agent/tests/plan.test.ts (7 tests | 7 failed) 14ms
   × Planner — spec to dependency-ordered task plan > returns a topologically-sorted task list for valid input 7ms
     → validation is not defined
   × Planner — spec to dependency-ordered task plan > rejects invalid JSON with a single re-ask error 1ms
     → validation is not defined
   × Planner — spec to dependency-ordered task plan > detects cycles and fails with named cycle members 1ms
     → validation is not defined
   × Planner — spec to dependency-ordered task plan > forces write_plan tool call (not free text) 1ms
     → validation is not defined
   × Planner — spec to dependency-ordered task plan > handles missing dependsOn field (treats as empty) 1ms
     → FakeProvider exhausted its 1 scripted response(s) on call 2
   × Planner — spec to dependency-ordered task plan > rejects schema-invalid task objects with re-ask 1ms
     → validation is not defined
   × Planner — spec to dependency-ordered task plan > rejects non-array response with re-ask 1ms
     → validation is not defined
 ✓ agent/tests/llm-adapters.test.ts (18 tests) 16ms
 ✓ agent/tests/scaffold.test.ts (19 tests) 133ms
 ✓ agent/tests/config.test.ts (12 tests) 263ms
 ✓ agent/tests/prompts.test.ts (57 tests) 293ms
 ❯ agent/tests/wiring.test.ts (6 tests | 1 failed) 7525ms
   ✓ root vitest project does not collect agent tests > pins root vitest include to the app tree 2ms
   ✓ root vitest project does not collect agent tests > excludes agent test files from the default (app) collection  2036ms
   ✓ agent tests run in a node environment > has no DOM globals while executing an agent test 0ms
   ✓ agent tests run in a node environment > declares a node-environment agent vitest project scoped to agent tests 0ms
   × agent and app typechecking are isolated > passes cleanly before the probe is introduced 2766ms
     → baseline npm run agent:typecheck should pass:

> car-inventory-boilerplate@1.0.0 agent:typecheck
> tsc --noEmit -p agent/tsconfig.json

agent/src/plan-schema.ts(34,9): error TS6133: 'props' is declared but its value is never read.
agent/src/plan.ts(289,8): error TS2304: Cannot find name 'validation'.
agent/tests/plan.test.ts(11,1): error TS6133: 'TASK_PLAN_JSON_SCHEMA' is declared but its value is never read.
agent/tests/plan.test.ts(13,29): error TS6133: 'FakeReply' is declared but its value is never read.
agent/tests/plan.test.ts(14,1): error TS6192: All imports in import declaration are unused.
agent/tests/plan.test.ts(35,45): error TS2322: Type '{ file: string; purpose: string; dependsOn: string[]; exports: string[]; }[]' is not assignable to type 'Record<string, unknown>'.
  Index signature for type 'string' is missing in type '{ file: string; purpose: string; dependsOn: string[]; exports: string[]; }[]'.
agent/tests/plan.test.ts(43,19): error TS2339: Property 'tasks' does not exist on type 'PlanResult'.
  Property 'tasks' does not exist on type '{ ok: false; error: PlanError; }'.
agent/tests/plan.test.ts(45,30): error TS2339: Property 'tasks' does not exist on type 'PlanResult'.
  Property 'tasks' does not exist on type '{ ok: false; error: PlanError; }'.
agent/tests/plan.test.ts(45,48): error TS7006: Parameter 't' implicitly has an 'any' type.
agent/tests/plan.test.ts(46,30): error TS2339: Property 'tasks' does not exist on type 'PlanResult'.
  Property 'tasks' does not exist on type '{ ok: false; error: PlanError; }'.
agent/tests/plan.test.ts(46,48): error TS7006: Parameter 't' implicitly has an 'any' type.
agent/tests/plan.test.ts(47,30): error TS2339: Property 'tasks' does not exist on type 'PlanResult'.
  Property 'tasks' does not exist on type '{ ok: false; error: PlanError; }'.
agent/tests/plan.test.ts(47,48): error TS7006: Parameter 't' implicitly has an 'any' type.
agent/tests/plan.test.ts(64,45): error TS2322: Type '({ file: string; purpose: string; dependsOn: never[]; exports: string[]; } | { file: string; purpose: string; dependsOn: string[]; exports: never[]; })[]' is not assignable to type 'Record<string, unknown>'.
  Index signature for type 'string' is missing in type '({ file: string; purpose: string; dependsOn: never[]; exports: string[]; } | { file: string; purpose: string; dependsOn: string[]; exports: never[]; })[]'.
agent/tests/plan.test.ts(72,19): error TS2339: Property 'tasks' does not exist on type 'PlanResult'.
  Property 'tasks' does not exist on type '{ ok: false; error: PlanError; }'.
agent/tests/plan.test.ts(87,45): error TS2322: Type '{ file: string; purpose: string; dependsOn: string[]; exports: string[]; }[]' is not assignable to type 'Record<string, unknown>'.
  Index signature for type 'string' is missing in type '{ file: string; purpose: string; dependsOn: string[]; exports: string[]; }[]'.
agent/tests/plan.test.ts(95,26): error TS2339: Property 'error' does not exist on type 'PlanResult'.
  Property 'error' does not exist on type '{ ok: true; tasks: Task[]; }'.
agent/tests/plan.test.ts(110,45): error TS2322: Type '({ file: string; purpose: string; dependsOn: never[]; exports: string[]; } | { file: string; purpose: string; dependsOn: string[]; exports: never[]; })[]' is not assignable to type 'Record<string, unknown>'.
  Index signature for type 'string' is missing in type '({ file: string; purpose: string; dependsOn: never[]; exports: string[]; } | { file: string; purpose: string; dependsOn: string[]; exports: never[]; })[]'.
agent/tests/plan.test.ts(119,12): error TS18048: 'request' is possibly 'undefined'.
agent/tests/plan.test.ts(120,27): error TS18048: 'request' is possibly 'undefined'.
agent/tests/plan.test.ts(132,45): error TS2322: Type 'any[]' is not assignable to type 'Record<string, unknown>'.
  Index signature for type 'string' is missing in type 'any[]'.
agent/tests/plan.test.ts(140,19): error TS2339: Property 'tasks' does not exist on type 'PlanResult'.
  Property 'tasks' does not exist on type '{ ok: false; error: PlanError; }'.
agent/tests/plan.test.ts(152,45): error TS2322: Type '{ purpose: string; dependsOn: never[]; exports: never[]; }[]' is not assignable to type 'Record<string, unknown>'.
  Index signature for type 'string' is missing in type '{ purpose: string; dependsOn: never[]; exports: never[]; }[]'.
agent/tests/plan.test.ts(153,45): error TS2322: Type '{ file: string; purpose: string; dependsOn: never[]; exports: string[]; }[]' is not assignable to type 'Record<string, unknown>'.
  Index signature for type 'string' is missing in type '{ file: string; purpose: string; dependsOn: never[]; exports: string[]; }[]'.
agent/tests/plan.test.ts(161,19): error TS2339: Property 'tasks' does not exist on type 'PlanResult'.
  Property 'tasks' does not exist on type '{ ok: false; error: PlanError; }'.
agent/tests/plan.test.ts(172,45): error TS2322: Type '{ file: string; purpose: string; dependsOn: never[]; exports: string[]; }[]' is not assignable to type 'Record<string, unknown>'.
  Index signature for type 'string' is missing in type '{ file: string; purpose: string; dependsOn: never[]; exports: string[]; }[]'.
agent/tests/plan.test.ts(180,19): error TS2339: Property 'tasks' does not exist on type 'PlanResult'.
  Property 'tasks' does not exist on type '{ ok: false; error: PlanError; }'.
: expected 2 to be +0 // Object.is equality
   ✓ agent and app typechecking are isolated > fails agent:typecheck on an agent type error while app typecheck still passes  2717ms
 ✓ agent/tests/validate.test.ts (27 tests) 9043ms
   ✓ validate(): the untouched scaffold is clean > runs typecheck and test in a real scaffolded copy and reports zero errors  3618ms
   ✓ validate(): real compiler output for the three strict-flag classes > maps noUncheckedIndexedAccess, noUnusedLocals and noUnusedParameters to per-file errors  1027ms
   ✓ validate(): real compiler output for the three strict-flag classes > reports project-relative files, never paths that leak the output directory  1003ms
   ✓ validate(): test failures reach the repair loop > maps a genuinely failing vitest run in a scaffolded copy, not just a captured report  3382ms

⎯⎯⎯⎯⎯⎯⎯ Failed Tests 8 ⎯⎯⎯⎯⎯⎯⎯

 FAIL  agent/tests/plan.test.ts > Planner — spec to dependency-ordered task plan > returns a topologically-sorted task list for valid input
ReferenceError: validation is not defined
 ❯ plan agent/src/plan.ts:289:3
    287|   }
    288| 
    289|   if (!validation?.ok || !planData || !Array.isArray(planData)) {
       |   ^
    290|     return {
    291|       ok: false,
 ❯ agent/tests/plan.test.ts:40:20

⎯⎯⎯⎯⎯⎯⎯⎯⎯⎯⎯⎯⎯⎯⎯⎯⎯⎯⎯⎯⎯⎯⎯⎯[1/8]⎯

 FAIL  agent/tests/plan.test.ts > Planner — spec to dependency-ordered task plan > rejects invalid JSON with a single re-ask error
ReferenceError: validation is not defined
 ❯ plan agent/src/plan.ts:289:3
    287|   }
    288| 
    289|   if (!validation?.ok || !planData || !Array.isArray(planData)) {
       |   ^
    290|     return {
    291|       ok: false,
 ❯ agent/tests/plan.test.ts:69:20

⎯⎯⎯⎯⎯⎯⎯⎯⎯⎯⎯⎯⎯⎯⎯⎯⎯⎯⎯⎯⎯⎯⎯⎯[2/8]⎯

 FAIL  agent/tests/plan.test.ts > Planner — spec to dependency-ordered task plan > detects cycles and fails with named cycle members
ReferenceError: validation is not defined
 ❯ plan agent/src/plan.ts:289:3
    287|   }
    288| 
    289|   if (!validation?.ok || !planData || !Array.isArray(planData)) {
       |   ^
    290|     return {
    291|       ok: false,
 ❯ agent/tests/plan.test.ts:92:20

⎯⎯⎯⎯⎯⎯⎯⎯⎯⎯⎯⎯⎯⎯⎯⎯⎯⎯⎯⎯⎯⎯⎯⎯[3/8]⎯

 FAIL  agent/tests/plan.test.ts > Planner — spec to dependency-ordered task plan > forces write_plan tool call (not free text)
ReferenceError: validation is not defined
 ❯ plan agent/src/plan.ts:289:3
    287|   }
    288| 
    289|   if (!validation?.ok || !planData || !Array.isArray(planData)) {
       |   ^
    290|     return {
    291|       ok: false,
 ❯ agent/tests/plan.test.ts:115:5

⎯⎯⎯⎯⎯⎯⎯⎯⎯⎯⎯⎯⎯⎯⎯⎯⎯⎯⎯⎯⎯⎯⎯⎯[4/8]⎯

 FAIL  agent/tests/plan.test.ts > Planner — spec to dependency-ordered task plan > handles missing dependsOn field (treats as empty)
LlmError: FakeProvider exhausted its 1 scripted response(s) on call 2
 ❯ FakeProvider.complete agent/src/llm/fake.ts:76:13
     74|     const reply = this.responses[this.requests.length - 1];
     75|     if (reply === undefined) {
     76|       throw new LlmError(
       |             ^
     77|         "invalid_response",
     78|         `FakeProvider exhausted its ${this.responses.length} scripted …
 ❯ plan agent/src/plan.ts:264:35
 ❯ agent/tests/plan.test.ts:137:20

⎯⎯⎯⎯⎯⎯⎯⎯⎯⎯⎯⎯⎯⎯⎯⎯⎯⎯⎯⎯⎯⎯⎯⎯[5/8]⎯

 FAIL  agent/tests/plan.test.ts > Planner — spec to dependency-ordered task plan > rejects schema-invalid task objects with re-ask
ReferenceError: validation is not defined
 ❯ plan agent/src/plan.ts:289:3
    287|   }
    288| 
    289|   if (!validation?.ok || !planData || !Array.isArray(planData)) {
       |   ^
    290|     return {
    291|       ok: false,
 ❯ agent/tests/plan.test.ts:158:20

⎯⎯⎯⎯⎯⎯⎯⎯⎯⎯⎯⎯⎯⎯⎯⎯⎯⎯⎯⎯⎯⎯⎯⎯[6/8]⎯

 FAIL  agent/tests/plan.test.ts > Planner — spec to dependency-ordered task plan > rejects non-array response with re-ask
ReferenceError: validation is not defined
 ❯ plan agent/src/plan.ts:289:3
    287|   }
    288| 
    289|   if (!validation?.ok || !planData || !Array.isArray(planData)) {
       |   ^
    290|     return {
    291|       ok: false,
 ❯ agent/tests/plan.test.ts:177:20

⎯⎯⎯⎯⎯⎯⎯⎯⎯⎯⎯⎯⎯⎯⎯⎯⎯⎯⎯⎯⎯⎯⎯⎯[7/8]⎯

 FAIL  agent/tests/wiring.test.ts > agent and app typechecking are isolated > passes cleanly before the probe is introduced
AssertionError: baseline npm run agent:typecheck should pass:

> car-inventory-boilerplate@1.0.0 agent:typecheck
> tsc --noEmit -p agent/tsconfig.json

agent/src/plan-schema.ts(34,9): error TS6133: 'props' is declared but its value is never read.
agent/src/plan.ts(289,8): error TS2304: Cannot find name 'validation'.
agent/tests/plan.test.ts(11,1): error TS6133: 'TASK_PLAN_JSON_SCHEMA' is declared but its value is never read.
agent/tests/plan.test.ts(13,29): error TS6133: 'FakeReply' is declared but its value is never read.
agent/tests/plan.test.ts(14,1): error TS6192: All imports in import declaration are unused.
agent/tests/plan.test.ts(35,45): error TS2322: Type '{ file: string; purpose: string; dependsOn: string[]; exports: string[]; }[]' is not assignable to type 'Record<string, unknown>'.
  Index signature for type 'string' is missing in type '{ file: string; purpose: string; dependsOn: string[]; exports: string[]; }[]'.
agent/tests/plan.test.ts(43,19): error TS2339: Property 'tasks' does not exist on type 'PlanResult'.
  Property 'tasks' does not exist on type '{ ok: false; error: PlanError; }'.
agent/tests/plan.test.ts(45,30): error TS2339: Property 'tasks' does not exist on type 'PlanResult'.
  Property 'tasks' does not exist on type '{ ok: false; error: PlanError; }'.
agent/tests/plan.test.ts(45,48): error TS7006: Parameter 't' implicitly has an 'any' type.
agent/tests/plan.test.ts(46,30): error TS2339: Property 'tasks' does not exist on type 'PlanResult'.
  Property 'tasks' does not exist on type '{ ok: false; error: PlanError; }'.
agent/tests/plan.test.ts(46,48): error TS7006: Parameter 't' implicitly has an 'any' type.
agent/tests/plan.test.ts(47,30): error TS2339: Property 'tasks' does not exist on type 'PlanResult'.
  Property 'tasks' does not exist on type '{ ok: false; error: PlanError; }'.
agent/tests/plan.test.ts(47,48): error TS7006: Parameter 't' implicitly has an 'any' type.
agent/tests/plan.test.ts(64,45): error TS2322: Type '({ file: string; purpose: string; dependsOn: never[]; exports: string[]; } | { file: string; purpose: string; dependsOn: string[]; exports: never[]; })[]' is not assignable to type 'Record<string, unknown>'.
  Index signature for type 'string' is missing in type '({ file: string; purpose: string; dependsOn: never[]; exports: string[]; } | { file: string; purpose: string; dependsOn: string[]; exports: never[]; })[]'.
agent/tests/plan.test.ts(72,19): error TS2339: Property 'tasks' does not exist on type 'PlanResult'.
  Property 'tasks' does not exist on type '{ ok: false; error: PlanError; }'.
agent/tests/plan.test.ts(87,45): error TS2322: Type '{ file: string; purpose: string; dependsOn: string[]; exports: string[]; }[]' is not assignable to type 'Record<string, unknown>'.
  Index signature for type 'string' is missing in type '{ file: string; purpose: string; dependsOn: string[]; exports: string[]; }[]'.
agent/tests/plan.test.ts(95,26): error TS2339: Property 'error' does not exist on type 'PlanResult'.
  Property 'error' does not exist on type '{ ok: true; tasks: Task[]; }'.
agent/tests/plan.test.ts(110,45): error TS2322: Type '({ file: string; purpose: string; dependsOn: never[]; exports: string[]; } | { file: string; purpose: string; dependsOn: string[]; exports: never[]; })[]' is not assignable to type 'Record<string, unknown>'.
  Index signature for type 'string' is missing in type '({ file: string; purpose: string; dependsOn: never[]; exports: string[]; } | { file: string; purpose: string; dependsOn: string[]; exports: never[]; })[]'.
agent/tests/plan.test.ts(119,12): error TS18048: 'request' is possibly 'undefined'.
agent/tests/plan.test.ts(120,27): error TS18048: 'request' is possibly 'undefined'.
agent/tests/plan.test.ts(132,45): error TS2322: Type 'any[]' is not assignable to type 'Record<string, unknown>'.
  Index signature for type 'string' is missing in type 'any[]'.
agent/tests/plan.test.ts(140,19): error TS2339: Property 'tasks' does not exist on type 'PlanResult'.
  Property 'tasks' does not exist on type '{ ok: false; error: PlanError; }'.
agent/tests/plan.test.ts(152,45): error TS2322: Type '{ purpose: string; dependsOn: never[]; exports: never[]; }[]' is not assignable to type 'Record<string, unknown>'.
  Index signature for type 'string' is missing in type '{ purpose: string; dependsOn: never[]; exports: never[]; }[]'.
agent/tests/plan.test.ts(153,45): error TS2322: Type '{ file: string; purpose: string; dependsOn: never[]; exports: string[]; }[]' is not assignable to type 'Record<string, unknown>'.
  Index signature for type 'string' is missing in type '{ file: string; purpose: string; dependsOn: never[]; exports: string[]; }[]'.
agent/tests/plan.test.ts(161,19): error TS2339: Property 'tasks' does not exist on type 'PlanResult'.
  Property 'tasks' does not exist on type '{ ok: false; error: PlanError; }'.
agent/tests/plan.test.ts(172,45): error TS2322: Type '{ file: string; purpose: string; dependsOn: never[]; exports: string[]; }[]' is not assignable to type 'Record<string, unknown>'.
  Index signature for type 'string' is missing in type '{ file: string; purpose: string; dependsOn: never[]; exports: string[]; }[]'.
agent/tests/plan.test.ts(180,19): error TS2339: Property 'tasks' does not exist on type 'PlanResult'.
  Property 'tasks' does not exist on type '{ ok: false; error: PlanError; }'.
: expected 2 to be +0 // Object.is equality

[32m- Expected[39m
[31m+ Received[39m

[32m- 0[39m
[31m+ 2[39m

 ❯ agent/tests/wiring.test.ts:104:85
    102|     expect(appCode, `baseline npm run typecheck should pass:\n${appOut…
    103|     const { code: agentCode, output: agentOut } = run("npm run agent:t…
    104|     expect(agentCode, `baseline npm run agent:typecheck should pass:\n…
       |                                                                                     ^
    105|   });
    106| 

⎯⎯⎯⎯⎯⎯⎯⎯⎯⎯⎯⎯⎯⎯⎯⎯⎯⎯⎯⎯⎯⎯⎯⎯[8/8]⎯


 Test Files  2 failed | 7 passed (9)
      Tests  8 failed | 170 passed (178)
   Start at  04:11:35
   Duration  9.49s (transform 584ms, setup 0ms, collect 1.19s, tests 17.33s, environment 2ms, prepare 781ms)

